itsacheckmate@itscheckmate:~$ sudo apt update
[sudo] password for itsacheckmate: 
Hit:1 http://in.archive.ubuntu.com/ubuntu focal InRelease
Hit:2 http://in.archive.ubuntu.com/ubuntu focal-updates InRelease              
Hit:3 http://in.archive.ubuntu.com/ubuntu focal-backports InRelease            
Hit:4 https://deb.nodesource.com/node_12.x focal InRelease                     
Get:5 http://packages.microsoft.com/repos/code stable InRelease [10.4 kB]      
Get:6 http://security.ubuntu.com/ubuntu focal-security InRelease [114 kB]      
Get:7 http://packages.microsoft.com/repos/code stable/main armhf Packages [94.6 kB]
Get:8 http://packages.microsoft.com/repos/code stable/main arm64 Packages [94.9 kB]
Get:10 http://packages.microsoft.com/repos/code stable/main amd64 Packages [93.7 kB]
Get:11 http://security.ubuntu.com/ubuntu focal-security/main i386 Packages [466 kB]
Hit:12 https://dl.google.com/linux/chrome/deb stable InRelease                
Hit:9 https://packagecloud.io/slacktechnologies/slack/debian jessie InRelease 
Get:13 http://security.ubuntu.com/ubuntu focal-security/main amd64 Packages [1,607 kB]
Get:14 http://security.ubuntu.com/ubuntu focal-security/main Translation-en [273 kB]
Get:15 http://security.ubuntu.com/ubuntu focal-security/main amd64 DEP-11 Metadata [40.7 kB]
Get:16 http://security.ubuntu.com/ubuntu focal-security/main amd64 c-n-f Metadata [10.7 kB]
Get:17 http://security.ubuntu.com/ubuntu focal-security/restricted amd64 Packages [1,068 kB]
Get:18 http://security.ubuntu.com/ubuntu focal-security/restricted Translation-en [151 kB]
Get:19 http://security.ubuntu.com/ubuntu focal-security/universe amd64 Packages [710 kB]
Get:20 http://security.ubuntu.com/ubuntu focal-security/universe i386 Packages [555 kB]
Get:21 http://security.ubuntu.com/ubuntu focal-security/universe amd64 DEP-11 Metadata [66.8 kB]
Get:22 http://security.ubuntu.com/ubuntu focal-security/universe amd64 c-n-f Metadata [14.6 kB]
Get:23 http://security.ubuntu.com/ubuntu focal-security/multiverse amd64 DEP-11 Metadata [2,464 B]
Fetched 5,373 kB in 7s (757 kB/s)                                              
Reading package lists... Done
Building dependency tree       
Reading state information... Done
26 packages can be upgraded. Run 'apt list --upgradable' to see them.
itsacheckmate@itscheckmate:~$ sudo apt install
Reading package lists... Done
Building dependency tree       
Reading state information... Done
The following packages were automatically installed and are no longer required:
  gyp javascript-common libc-ares2 libjs-inherits libjs-is-typedarray
  libjs-psl libjs-typedarray-to-buffer libpython2-stdlib libpython2.7-minimal
  libpython2.7-stdlib libuv1-dev node-abbrev node-ajv node-ansi
  node-ansi-align node-ansi-regex node-ansi-styles node-ansistyles node-aproba
  node-archy node-are-we-there-yet node-asap node-asn1 node-assert-plus
  node-asynckit node-aws-sign2 node-aws4 node-balanced-match node-bcrypt-pbkdf
  node-bl node-bluebird node-boxen node-brace-expansion node-builtin-modules
  node-builtins node-cacache node-call-limit node-camelcase node-caseless
  node-chalk node-chownr node-ci-info node-cli-boxes node-cliui node-clone
  node-co node-color-convert node-color-name node-colors node-columnify
  node-combined-stream node-concat-map node-concat-stream node-config-chain
  node-configstore node-console-control-strings node-copy-concurrently
  node-core-util-is node-cross-spawn node-crypto-random-string node-cyclist
  node-dashdash node-debug node-decamelize node-decompress-response
  node-deep-extend node-defaults node-define-properties node-delayed-stream
  node-delegates node-detect-indent node-detect-newline node-dot-prop
  node-duplexer3 node-duplexify node-ecc-jsbn node-editor node-encoding
  node-end-of-stream node-err-code node-errno node-es6-promise
  node-escape-string-regexp node-execa node-extend node-extsprintf
  node-fast-deep-equal node-find-up node-flush-write-stream node-forever-agent
  node-form-data node-from2 node-fs-vacuum node-fs-write-stream-atomic
  node-fs.realpath node-function-bind node-gauge node-genfun
  node-get-caller-file node-get-stream node-getpass node-glob node-got
  node-graceful-fs node-har-schema node-har-validator node-has-flag
  node-has-symbol-support-x node-has-to-string-tag-x node-has-unicode
  node-hosted-git-info node-http-signature node-iconv-lite node-iferr
  node-import-lazy node-imurmurhash node-inflight node-inherits node-ini
  node-invert-kv node-ip node-ip-regex node-is-npm node-is-obj node-is-object
  node-is-path-inside node-is-plain-obj node-is-retry-allowed node-is-stream
  node-is-typedarray node-isarray node-isexe node-isstream node-isurl
  node-jsbn node-json-parse-better-errors node-json-schema
  node-json-schema-traverse node-json-stable-stringify
  node-json-stringify-safe node-jsonify node-jsonparse node-jsonstream
  node-jsprim node-latest-version node-lazy-property node-lcid node-libnpx
  node-locate-path node-lockfile node-lodash node-lodash-packages
  node-lowercase-keys node-lru-cache node-make-dir node-mem node-mime
  node-mime-types node-mimic-fn node-mimic-response node-minimatch
  node-minimist node-mississippi node-mkdirp node-move-concurrently node-ms
  node-mute-stream node-nopt node-normalize-package-data node-npm-bundled
  node-npm-package-arg node-npm-run-path node-npmlog node-number-is-nan
  node-oauth-sign node-object-assign node-once node-opener node-os-locale
  node-os-tmpdir node-osenv node-p-cancelable node-p-finally node-p-is-promise
  node-p-limit node-p-locate node-p-timeout node-package-json
  node-parallel-transform node-path-exists node-path-is-absolute
  node-path-is-inside node-performance-now node-pify node-prepend-http
  node-process-nextick-args node-promise-inflight node-promise-retry
  node-promzard node-proto-list node-prr node-pseudomap node-psl node-pump
  node-pumpify node-punycode node-qs node-qw node-rc node-read
  node-read-package-json node-readable-stream node-registry-auth-token
  node-registry-url node-request node-require-directory
  node-require-main-filename node-resolve node-resolve-from node-retry
  node-rimraf node-run-queue node-safe-buffer node-semver node-semver-diff
  node-set-blocking node-sha node-shebang-command node-shebang-regex
  node-signal-exit node-slash node-slide node-sorted-object node-spdx-correct
  node-spdx-exceptions node-spdx-expression-parse node-spdx-license-ids
  node-sshpk node-ssri node-stream-each node-stream-iterate node-stream-shift
  node-strict-uri-encode node-string-decoder node-string-width node-strip-ansi
  node-strip-eof node-strip-json-comments node-supports-color node-tar
  node-term-size node-text-table node-through node-through2 node-timed-out
  node-tough-cookie node-tunnel-agent node-tweetnacl node-typedarray
  node-typedarray-to-buffer node-uid-number node-unique-filename
  node-unique-string node-unpipe node-uri-js node-url-parse-lax
  node-url-to-options node-util-deprecate node-uuid
  node-validate-npm-package-license node-validate-npm-package-name node-verror
  node-wcwidth.js node-which node-which-module node-wide-align
  node-widest-line node-wrap-ansi node-wrappy node-write-file-atomic
  node-xdg-basedir node-xtend node-y18n node-yallist node-yargs
  node-yargs-parser python-pkg-resources python2 python2-minimal python2.7
  python2.7-minimal
Use 'sudo apt autoremove' to remove them.
0 upgraded, 0 newly installed, 0 to remove and 26 not upgraded.
itsacheckmate@itscheckmate:~$ ruby -v
ruby 3.0.0p0 (2020-12-25 revision 95aff21468) [x86_64-linux]
itsacheckmate@itscheckmate:~$ rails -v
Rails 7.0.3
itsacheckmate@itscheckmate:~$ vim Gemfile
itsacheckmate@itscheckmate:~$ rails -v
Rails 7.0.3
itsacheckmate@itscheckmate:~$ gem install rails -v 5.2.0
Fetching activesupport-5.2.0.gem
Fetching tzinfo-1.2.9.gem
Fetching actionpack-5.2.0.gem
Fetching actionview-5.2.0.gem
Fetching railties-5.2.0.gem
Fetching mimemagic-0.3.10.gem
Fetching marcel-0.3.3.gem
Fetching arel-9.0.0.gem
Fetching activemodel-5.2.0.gem
Fetching activerecord-5.2.0.gem
Fetching activestorage-5.2.0.gem
Fetching rails-5.2.0.gem
Fetching activejob-5.2.0.gem
Fetching actionmailer-5.2.0.gem
Fetching actioncable-5.2.0.gem
Successfully installed tzinfo-1.2.9
Successfully installed activesupport-5.2.0
Successfully installed actionview-5.2.0
Successfully installed actionpack-5.2.0
Successfully installed railties-5.2.0
Building native extensions. This could take a while...
Successfully installed mimemagic-0.3.10
Successfully installed marcel-0.3.3
Successfully installed arel-9.0.0
Successfully installed activemodel-5.2.0
Successfully installed activerecord-5.2.0
Successfully installed activestorage-5.2.0
Successfully installed activejob-5.2.0
Successfully installed actionmailer-5.2.0
Successfully installed actioncable-5.2.0
Successfully installed rails-5.2.0
Parsing documentation for tzinfo-1.2.9
Installing ri documentation for tzinfo-1.2.9
Parsing documentation for activesupport-5.2.0
Installing ri documentation for activesupport-5.2.0
Parsing documentation for actionview-5.2.0
Installing ri documentation for actionview-5.2.0
Parsing documentation for actionpack-5.2.0
Installing ri documentation for actionpack-5.2.0
Parsing documentation for railties-5.2.0
Installing ri documentation for railties-5.2.0
Parsing documentation for mimemagic-0.3.10
Installing ri documentation for mimemagic-0.3.10
Parsing documentation for marcel-0.3.3
Installing ri documentation for marcel-0.3.3
Parsing documentation for arel-9.0.0
Installing ri documentation for arel-9.0.0
Parsing documentation for activemodel-5.2.0
Installing ri documentation for activemodel-5.2.0
Parsing documentation for activerecord-5.2.0
Installing ri documentation for activerecord-5.2.0
Parsing documentation for activestorage-5.2.0
Installing ri documentation for activestorage-5.2.0
Parsing documentation for activejob-5.2.0
Installing ri documentation for activejob-5.2.0
Parsing documentation for actionmailer-5.2.0
Installing ri documentation for actionmailer-5.2.0
Parsing documentation for actioncable-5.2.0
Installing ri documentation for actioncable-5.2.0
Parsing documentation for rails-5.2.0
Installing ri documentation for rails-5.2.0
Done installing documentation for tzinfo, activesupport, actionview, actionpack, railties, mimemagic, marcel, arel, activemodel, activerecord, activestorage, activejob, actionmailer, actioncable, rails after 5 seconds
15 gems installed
itsacheckmate@itscheckmate:~$ rvm -v
Warning! PATH is not properly set up, /home/itsacheckmate/.rvm/gems/ruby-3.0.0/bin is not at first place.
         Usually this is caused by shell initialization files. Search for PATH=... entries.
         You can also re-add RVM to your profile by running: rvm get stable --auto-dotfiles
         To fix it temporarily in this shell session run: rvm use ruby-3.0.0
         To ignore this error add rvm_silence_path_mismatch_check_flag=1 to your ~/.rvmrc file.
rvm 1.29.12 (latest) by Michal Papis, Piotr Kuczynski, Wayne E. Seguin [https://rvm.io]
itsacheckmate@itscheckmate:~$ rvm use rails 5.2.0
Warning! PATH is not properly set up, /home/itsacheckmate/.rvm/gems/ruby-3.0.0/bin is not at first place.
         Usually this is caused by shell initialization files. Search for PATH=... entries.
         You can also re-add RVM to your profile by running: rvm get stable --auto-dotfiles
         To fix it temporarily in this shell session run: rvm use ruby-3.0.0
         To ignore this error add rvm_silence_path_mismatch_check_flag=1 to your ~/.rvmrc file.

RVM is not a function, selecting rubies with 'rvm use ...' will not work.

You need to change your terminal emulator preferences to allow login shell.
Sometimes it is required to use `/bin/bash --login` as the command.
Please visit https://rvm.io/integration/gnome-terminal/ for an example.

itsacheckmate@itscheckmate:~$ rvm use 5.2.0
Warning! PATH is not properly set up, /home/itsacheckmate/.rvm/gems/ruby-3.0.0/bin is not at first place.
         Usually this is caused by shell initialization files. Search for PATH=... entries.
         You can also re-add RVM to your profile by running: rvm get stable --auto-dotfiles
         To fix it temporarily in this shell session run: rvm use ruby-3.0.0
         To ignore this error add rvm_silence_path_mismatch_check_flag=1 to your ~/.rvmrc file.

RVM is not a function, selecting rubies with 'rvm use ...' will not work.

You need to change your terminal emulator preferences to allow login shell.
Sometimes it is required to use `/bin/bash --login` as the command.
Please visit https://rvm.io/integration/gnome-terminal/ for an example.

itsacheckmate@itscheckmate:~$ cd .rvm
itsacheckmate@itscheckmate:~/.rvm$ ls
archives  environments  help          log        RELEASE  tmp
bin       examples      hooks         man        rubies   user
config    gem-cache     installed.at  patches    scripts  VERSION
contrib   gems          lib           patchsets  share    wrappers
docs      gemsets       LICENSE       README.md  src
itsacheckmate@itscheckmate:~/.rvm$ code .
itsacheckmate@itscheckmate:~/.rvm$ cd
itsacheckmate@itscheckmate:~$ rails -v
Rails 7.0.3
itsacheckmate@itscheckmate:~$ cd .rvm
itsacheckmate@itscheckmate:~/.rvm$ cd gems
itsacheckmate@itscheckmate:~/.rvm/gems$ cf ruby-3.0.0
cf: command not found
itsacheckmate@itscheckmate:~/.rvm/gems$ cd ruby-3.0.0
itsacheckmate@itscheckmate:~/.rvm/gems/ruby-3.0.0$ cd bin
itsacheckmate@itscheckmate:~/.rvm/gems/ruby-3.0.0/bin$ $ which bundle
$: command not found
itsacheckmate@itscheckmate:~/.rvm/gems/ruby-3.0.0/bin$ which bundle
/home/itsacheckmate/.rvm/rubies/ruby-3.0.0/bin/bundle
itsacheckmate@itscheckmate:~/.rvm/gems/ruby-3.0.0/bin$ sudo subl rails
[sudo] password for itsacheckmate: 
sudo: subl: command not found
itsacheckmate@itscheckmate:~/.rvm/gems/ruby-3.0.0/bin$ sudo subl rails
sudo: subl: command not found
itsacheckmate@itscheckmate:~/.rvm/gems/ruby-3.0.0/bin$ sudo nano rails
itsacheckmate@itscheckmate:~/.rvm/gems/ruby-3.0.0/bin$ cd 
itsacheckmate@itscheckmate:~$ rails -v
Rails 5.2.0

